2026-04-07 18:32:19,202 [INFO] 🚀 CKIP GPU 大量處理管線啟動
2026-04-07 18:32:19,202 [INFO]    📦 批次大小: 512
2026-04-07 18:32:19,202 [INFO]    💾 資料庫: /mnt/c/data/information-retrieval/news.db
2026-04-07 18:32:19,202 [INFO]    🕐 開始時間: 2026-04-07 18:32:19
2026-04-07 18:32:19,203 [INFO] Connected to /mnt/c/data/information-retrieval/news.db
2026-04-07 18:32:19,203 [INFO] Database schema initialized
2026-04-07 18:32:19,203 [INFO] ======================================================================
2026-04-07 18:32:19,203 [INFO] 步驟 1: 文字清理 (raw → cleaned)
2026-04-07 18:32:19,203 [INFO] ======================================================================
2026-04-07 18:32:21,493 [INFO] 📝 找到 688,374 篇 raw 狀態文章需要清理
2026-04-07 18:32:27,240 [INFO]   📊 進度: 10,000/688,374 (1.5%) | 速度: 1740 篇/秒 | 預計剩餘: 6.5分鐘
2026-04-07 18:32:32,966 [INFO]   📊 進度: 20,000/688,374 (2.9%) | 速度: 1743 篇/秒 | 預計剩餘: 6.4分鐘
2026-04-07 18:32:38,386 [INFO]   📊 進度: 30,000/688,374 (4.4%) | 速度: 1776 篇/秒 | 預計剩餘: 6.2分鐘
2026-04-07 18:32:43,909 [INFO]   📊 進度: 40,000/688,374 (5.8%) | 速度: 1784 篇/秒 | 預計剩餘: 6.1分鐘
2026-04-07 18:32:49,674 [INFO]   📊 進度: 50,000/688,374 (7.3%) | 速度: 1774 篇/秒 | 預計剩餘: 6.0分鐘
2026-04-07 18:32:55,515 [INFO]   📊 進度: 60,000/688,374 (8.7%) | 速度: 1764 篇/秒 | 預計剩餘: 5.9分鐘
2026-04-07 18:33:00,977 [INFO]   📊 進度: 70,000/688,374 (10.2%) | 速度: 1773 篇/秒 | 預計剩餘: 5.8分鐘
2026-04-07 18:33:06,407 [INFO]   📊 進度: 80,000/688,374 (11.6%) | 速度: 1781 篇/秒 | 預計剩餘: 5.7分鐘
2026-04-07 18:33:11,834 [INFO]   📊 進度: 90,000/688,374 (13.1%) | 速度: 1788 篇/秒 | 預計剩餘: 5.6分鐘
2026-04-07 18:33:17,230 [INFO]   📊 進度: 100,000/688,374 (14.5%) | 速度: 1794 篇/秒 | 預計剩餘: 5.5分鐘
2026-04-07 18:33:22,541 [INFO]   📊 進度: 110,000/688,374 (16.0%) | 速度: 1802 篇/秒 | 預計剩餘: 5.3分鐘
2026-04-07 18:33:27,744 [INFO]   📊 進度: 120,000/688,374 (17.4%) | 速度: 1811 篇/秒 | 預計剩餘: 5.2分鐘
2026-04-07 18:33:32,963 [INFO]   📊 進度: 130,000/688,374 (18.9%) | 速度: 1819 篇/秒 | 預計剩餘: 5.1分鐘
2026-04-07 18:33:38,120 [INFO]   📊 進度: 140,000/688,374 (20.3%) | 速度: 1827 篇/秒 | 預計剩餘: 5.0分鐘
2026-04-07 18:33:43,204 [INFO]   📊 進度: 150,000/688,374 (21.8%) | 速度: 1836 篇/秒 | 預計剩餘: 4.9分鐘
2026-04-07 18:33:48,664 [INFO]   📊 進度: 160,000/688,374 (23.2%) | 速度: 1835 篇/秒 | 預計剩餘: 4.8分鐘
2026-04-07 18:33:54,220 [INFO]   📊 進度: 170,000/688,374 (24.7%) | 速度: 1833 篇/秒 | 預計剩餘: 4.7分鐘
2026-04-07 18:34:01,663 [INFO]   📊 進度: 180,000/688,374 (26.1%) | 速度: 1797 篇/秒 | 預計剩餘: 4.7分鐘
2026-04-07 18:34:08,081 [INFO]   📊 進度: 190,000/688,374 (27.6%) | 速度: 1783 篇/秒 | 預計剩餘: 4.7分鐘
2026-04-07 18:34:14,301 [INFO]   📊 進度: 200,000/688,374 (29.1%) | 速度: 1773 篇/秒 | 預計剩餘: 4.6分鐘
