2026-04-07 18:37:28,004 [INFO] 🚀 CKIP GPU 大量處理管線啟動
2026-04-07 18:37:28,004 [INFO]    📦 批次大小: 512
2026-04-07 18:37:28,004 [INFO]    💾 資料庫: /mnt/c/data/information-retrieval/news.db
2026-04-07 18:37:28,004 [INFO]    🕐 開始時間: 2026-04-07 18:37:28
2026-04-07 18:37:28,005 [INFO] Connected to /mnt/c/data/information-retrieval/news.db
2026-04-07 18:37:28,005 [INFO] Database schema initialized
2026-04-07 18:37:28,005 [INFO] ======================================================================
2026-04-07 18:37:28,005 [INFO] 步驟 1: 文字清理 (raw → cleaned)
2026-04-07 18:37:28,005 [INFO] ======================================================================
2026-04-07 18:37:29,638 [INFO] 📝 找到 486,374 篇 raw 狀態文章需要清理
2026-04-07 18:37:35,693 [INFO]   📊 進度: 10,000/486,374 (2.1%) | 速度: 1652 篇/秒 | 預計剩餘: 4.8分鐘
2026-04-07 18:37:41,712 [INFO]   📊 進度: 20,000/486,374 (4.1%) | 速度: 1657 篇/秒 | 預計剩餘: 4.7分鐘
2026-04-07 18:37:47,809 [INFO]   📊 進度: 30,000/486,374 (6.2%) | 速度: 1651 篇/秒 | 預計剩餘: 4.6分鐘
2026-04-07 18:37:53,733 [INFO]   📊 進度: 40,000/486,374 (8.2%) | 速度: 1660 篇/秒 | 預計剩餘: 4.5分鐘
2026-04-07 18:37:59,668 [INFO]   📊 進度: 50,000/486,374 (10.3%) | 速度: 1665 篇/秒 | 預計剩餘: 4.4分鐘
2026-04-07 18:38:05,660 [INFO]   📊 進度: 60,000/486,374 (12.3%) | 速度: 1666 篇/秒 | 預計剩餘: 4.3分鐘
2026-04-07 18:38:11,275 [INFO]   📊 進度: 70,000/486,374 (14.4%) | 速度: 1681 篇/秒 | 預計剩餘: 4.1分鐘
2026-04-07 18:38:16,727 [INFO]   📊 進度: 80,000/486,374 (16.4%) | 速度: 1699 篇/秒 | 預計剩餘: 4.0分鐘
2026-04-07 18:38:22,000 [INFO]   📊 進度: 90,000/486,374 (18.5%) | 速度: 1719 篇/秒 | 預計剩餘: 3.8分鐘
2026-04-07 18:38:27,396 [INFO]   📊 進度: 100,000/486,374 (20.6%) | 速度: 1731 篇/秒 | 預計剩餘: 3.7分鐘
2026-04-07 18:38:32,917 [INFO]   📊 進度: 110,000/486,374 (22.6%) | 速度: 1738 篇/秒 | 預計剩餘: 3.6分鐘
2026-04-07 18:38:38,740 [INFO]   📊 進度: 120,000/486,374 (24.7%) | 速度: 1737 篇/秒 | 預計剩餘: 3.5分鐘
2026-04-07 18:38:44,549 [INFO]   📊 進度: 130,000/486,374 (26.7%) | 速度: 1735 篇/秒 | 預計剩餘: 3.4分鐘
2026-04-07 18:38:50,068 [INFO]   📊 進度: 140,000/486,374 (28.8%) | 速度: 1741 篇/秒 | 預計剩餘: 3.3分鐘
2026-04-07 18:38:55,458 [INFO]   📊 進度: 150,000/486,374 (30.8%) | 速度: 1748 篇/秒 | 預計剩餘: 3.2分鐘
2026-04-07 18:39:00,832 [INFO]   📊 進度: 160,000/486,374 (32.9%) | 速度: 1755 篇/秒 | 預計剩餘: 3.1分鐘
2026-04-07 18:39:06,116 [INFO]   📊 進度: 170,000/486,374 (35.0%) | 速度: 1762 篇/秒 | 預計剩餘: 3.0分鐘
2026-04-07 18:39:11,401 [INFO]   📊 進度: 180,000/486,374 (37.0%) | 速度: 1769 篇/秒 | 預計剩餘: 2.9分鐘
2026-04-07 18:39:16,454 [INFO]   📊 進度: 190,000/486,374 (39.1%) | 速度: 1779 篇/秒 | 預計剩餘: 2.8分鐘
2026-04-07 18:39:21,586 [INFO]   📊 進度: 200,000/486,374 (41.1%) | 速度: 1787 篇/秒 | 預計剩餘: 2.7分鐘
2026-04-07 18:39:26,752 [INFO]   📊 進度: 210,000/486,374 (43.2%) | 速度: 1793 篇/秒 | 預計剩餘: 2.6分鐘
2026-04-07 18:39:31,816 [INFO]   📊 進度: 220,000/486,374 (45.2%) | 速度: 1801 篇/秒 | 預計剩餘: 2.5分鐘
2026-04-07 18:39:36,901 [INFO]   📊 進度: 230,000/486,374 (47.3%) | 速度: 1807 篇/秒 | 預計剩餘: 2.4分鐘
2026-04-07 18:39:42,133 [INFO]   📊 進度: 240,000/486,374 (49.3%) | 速度: 1811 篇/秒 | 預計剩餘: 2.3分鐘
2026-04-07 18:39:47,180 [INFO]   📊 進度: 250,000/486,374 (51.4%) | 速度: 1818 篇/秒 | 預計剩餘: 2.2分鐘
2026-04-07 18:39:52,529 [INFO]   📊 進度: 260,000/486,374 (53.5%) | 速度: 1820 篇/秒 | 預計剩餘: 2.1分鐘
2026-04-07 18:39:58,052 [INFO]   📊 進度: 270,000/486,374 (55.5%) | 速度: 1819 篇/秒 | 預計剩餘: 2.0分鐘
2026-04-07 18:40:03,455 [INFO]   📊 進度: 280,000/486,374 (57.6%) | 速度: 1820 篇/秒 | 預計剩餘: 1.9分鐘
2026-04-07 18:40:08,752 [INFO]   📊 進度: 290,000/486,374 (59.6%) | 速度: 1823 篇/秒 | 預計剩餘: 1.8分鐘
2026-04-07 18:40:14,026 [INFO]   📊 進度: 300,000/486,374 (61.7%) | 速度: 1825 篇/秒 | 預計剩餘: 1.7分鐘
2026-04-07 18:40:19,575 [INFO]   📊 進度: 310,000/486,374 (63.7%) | 速度: 1824 篇/秒 | 預計剩餘: 1.6分鐘
2026-04-07 18:40:25,013 [INFO]   📊 進度: 320,000/486,374 (65.8%) | 速度: 1825 篇/秒 | 預計剩餘: 1.5分鐘
2026-04-07 18:40:30,151 [INFO]   📊 進度: 330,000/486,374 (67.8%) | 速度: 1828 篇/秒 | 預計剩餘: 1.4分鐘
2026-04-07 18:40:35,638 [INFO]   📊 進度: 340,000/486,374 (69.9%) | 速度: 1828 篇/秒 | 預計剩餘: 1.3分鐘
2026-04-07 18:40:40,899 [INFO]   📊 進度: 350,000/486,374 (72.0%) | 速度: 1830 篇/秒 | 預計剩餘: 1.2分鐘
2026-04-07 18:40:45,969 [INFO]   📊 進度: 360,000/486,374 (74.0%) | 速度: 1834 篇/秒 | 預計剩餘: 1.1分鐘
2026-04-07 18:40:51,137 [INFO]   📊 進度: 370,000/486,374 (76.1%) | 速度: 1836 篇/秒 | 預計剩餘: 1.1分鐘
2026-04-07 18:40:56,432 [INFO]   📊 進度: 380,000/486,374 (78.1%) | 速度: 1838 篇/秒 | 預計剩餘: 58秒
2026-04-07 18:41:01,564 [INFO]   📊 進度: 390,000/486,374 (80.2%) | 速度: 1840 篇/秒 | 預計剩餘: 52秒
2026-04-07 18:41:06,713 [INFO]   📊 進度: 400,000/486,374 (82.2%) | 速度: 1843 篇/秒 | 預計剩餘: 47秒
2026-04-07 18:41:11,905 [INFO]   📊 進度: 410,000/486,374 (84.3%) | 速度: 1845 篇/秒 | 預計剩餘: 41秒
2026-04-07 18:41:16,983 [INFO]   📊 進度: 420,000/486,374 (86.4%) | 速度: 1847 篇/秒 | 預計剩餘: 36秒
2026-04-07 18:41:22,203 [INFO]   📊 進度: 430,000/486,374 (88.4%) | 速度: 1849 篇/秒 | 預計剩餘: 30秒
2026-04-07 18:41:27,258 [INFO]   📊 進度: 440,000/486,374 (90.5%) | 速度: 1852 篇/秒 | 預計剩餘: 25秒
2026-04-07 18:41:32,384 [INFO]   📊 進度: 450,000/486,374 (92.5%) | 速度: 1854 篇/秒 | 預計剩餘: 20秒
2026-04-07 18:41:37,487 [INFO]   📊 進度: 460,000/486,374 (94.6%) | 速度: 1856 篇/秒 | 預計剩餘: 14秒
2026-04-07 18:41:42,779 [INFO]   📊 進度: 470,000/486,374 (96.6%) | 速度: 1857 篇/秒 | 預計剩餘: 9秒
2026-04-07 18:41:47,938 [INFO]   📊 進度: 480,000/486,374 (98.7%) | 速度: 1858 篇/秒 | 預計剩餘: 3秒
2026-04-07 18:41:51,131 [INFO]   📊 進度: 486,374/486,374 (100.0%) | 速度: 1860 篇/秒 | 預計剩餘: 0秒
2026-04-07 18:41:51,133 [INFO] ✅ 清理完成: 480,136 篇，耗時 4.4分鐘
2026-04-07 18:41:51,219 [INFO] ======================================================================
2026-04-07 18:41:51,219 [INFO] 步驟 2: CKIP GPU NLP 處理（批次大小: 512）
2026-04-07 18:41:51,219 [INFO] ======================================================================
2026-04-07 18:41:51,220 [INFO] [RAM CKIP NLP 開始] Used: 1.58 GB | Available: 50.02 GB | Budget: 9.60 GB
2026-04-07 18:41:51,350 [INFO] GPU available: NVIDIA GeForce RTX 5080 (1 device(s))
2026-04-07 18:41:51,350 [INFO] 🎮 使用裝置: cuda (CUDA:0)
2026-04-07 18:41:51,350 [INFO] ⚡ 批次大小: 512
2026-04-07 18:41:51,350 [INFO] Initializing CKIP pipeline on CUDA:0
2026-04-07 18:41:51,820 [INFO] HTTP Request: HEAD https://huggingface.co/ckiplab/bert-base-chinese-ws/resolve/main/config.json "HTTP/1.1 307 Temporary Redirect"
2026-04-07 18:41:51,837 [INFO] HTTP Request: HEAD https://huggingface.co/api/resolve-cache/models/ckiplab/bert-base-chinese-ws/60c22ced1c0ec221242906e8f9fbdf90fb560b77/config.json "HTTP/1.1 200 OK"
2026-04-07 18:41:52,229 [INFO] HTTP Request: HEAD https://huggingface.co/ckiplab/bert-base-chinese-ws/resolve/main/model.safetensors "HTTP/1.1 404 Not Found"
2026-04-07 18:41:52,437 [INFO] HTTP Request: GET https://huggingface.co/api/models/ckiplab/bert-base-chinese-ws "HTTP/1.1 200 OK"
2026-04-07 18:41:52,639 [INFO] HTTP Request: HEAD https://huggingface.co/ckiplab/bert-base-chinese-ws/resolve/main/tokenizer_config.json "HTTP/1.1 307 Temporary Redirect"
2026-04-07 18:41:52,639 [WARNING] Warning: You are sending unauthenticated requests to the HF Hub. Please set a HF_TOKEN to enable higher rate limits and faster downloads.
2026-04-07 18:41:52,655 [INFO] HTTP Request: HEAD https://huggingface.co/api/resolve-cache/models/ckiplab/bert-base-chinese-ws/60c22ced1c0ec221242906e8f9fbdf90fb560b77/tokenizer_config.json "HTTP/1.1 200 OK"
2026-04-07 18:41:52,656 [INFO] HTTP Request: GET https://huggingface.co/api/models/ckiplab/bert-base-chinese-ws/commits/main "HTTP/1.1 200 OK"
2026-04-07 18:41:52,864 [INFO] HTTP Request: GET https://huggingface.co/api/models/ckiplab/bert-base-chinese-ws/tree/main/additional_chat_templates?recursive=false&expand=false "HTTP/1.1 404 Not Found"
2026-04-07 18:41:52,875 [INFO] HTTP Request: GET https://huggingface.co/api/models/ckiplab/bert-base-chinese-ws/discussions?p=0 "HTTP/1.1 200 OK"
2026-04-07 18:41:53,151 [INFO] HTTP Request: GET https://huggingface.co/api/models/ckiplab/bert-base-chinese-ws/tree/main?recursive=true&expand=false "HTTP/1.1 200 OK"
2026-04-07 18:41:53,151 [INFO] HTTP Request: GET https://huggingface.co/api/models/ckiplab/bert-base-chinese-ws/commits/refs%2Fpr%2F1 "HTTP/1.1 200 OK"
2026-04-07 18:41:53,363 [INFO] HTTP Request: HEAD https://huggingface.co/ckiplab/bert-base-chinese-ws/resolve/refs%2Fpr%2F1/model.safetensors.index.json "HTTP/1.1 404 Not Found"
2026-04-07 18:41:53,663 [INFO] HTTP Request: HEAD https://huggingface.co/ckiplab/bert-base-chinese-ws/resolve/refs%2Fpr%2F1/model.safetensors "HTTP/1.1 302 Found"
2026-04-07 18:41:53,663 [INFO] HTTP Request: HEAD https://huggingface.co/ckiplab/bert-base-chinese-pos/resolve/main/config.json "HTTP/1.1 307 Temporary Redirect"
2026-04-07 18:41:53,680 [INFO] HTTP Request: HEAD https://huggingface.co/api/resolve-cache/models/ckiplab/bert-base-chinese-pos/c3f173670d4793f00ce5d23381cbeffa17e4e197/config.json "HTTP/1.1 200 OK"
2026-04-07 18:41:53,969 [INFO] HTTP Request: HEAD https://huggingface.co/ckiplab/bert-base-chinese-pos/resolve/main/model.safetensors "HTTP/1.1 404 Not Found"
2026-04-07 18:41:54,277 [INFO] HTTP Request: HEAD https://huggingface.co/ckiplab/bert-base-chinese-pos/resolve/main/tokenizer_config.json "HTTP/1.1 307 Temporary Redirect"
2026-04-07 18:41:54,278 [INFO] HTTP Request: GET https://huggingface.co/api/models/ckiplab/bert-base-chinese-pos "HTTP/1.1 200 OK"
2026-04-07 18:41:54,294 [INFO] HTTP Request: HEAD https://huggingface.co/api/resolve-cache/models/ckiplab/bert-base-chinese-pos/c3f173670d4793f00ce5d23381cbeffa17e4e197/tokenizer_config.json "HTTP/1.1 200 OK"
2026-04-07 18:41:54,584 [INFO] HTTP Request: GET https://huggingface.co/api/models/ckiplab/bert-base-chinese-pos/commits/main "HTTP/1.1 200 OK"
2026-04-07 18:41:54,585 [INFO] HTTP Request: GET https://huggingface.co/api/models/ckiplab/bert-base-chinese-pos/tree/main/additional_chat_templates?recursive=false&expand=false "HTTP/1.1 404 Not Found"
2026-04-07 18:41:54,892 [INFO] HTTP Request: GET https://huggingface.co/api/models/ckiplab/bert-base-chinese-pos/tree/main?recursive=true&expand=false "HTTP/1.1 200 OK"
2026-04-07 18:41:54,892 [INFO] HTTP Request: GET https://huggingface.co/api/models/ckiplab/bert-base-chinese-pos/discussions?p=0 "HTTP/1.1 200 OK"
2026-04-07 18:41:55,199 [INFO] HTTP Request: GET https://huggingface.co/api/models/ckiplab/bert-base-chinese-pos/commits/refs%2Fpr%2F1 "HTTP/1.1 200 OK"
2026-04-07 18:41:55,199 [INFO] HTTP Request: HEAD https://huggingface.co/ckiplab/bert-base-chinese-ner/resolve/main/config.json "HTTP/1.1 307 Temporary Redirect"
2026-04-07 18:41:55,215 [INFO] HTTP Request: HEAD https://huggingface.co/api/resolve-cache/models/ckiplab/bert-base-chinese-ner/50c5afc0a0131e8ab93f54d9ebf9575af04c22d5/config.json "HTTP/1.1 200 OK"
2026-04-07 18:41:55,405 [INFO] HTTP Request: HEAD https://huggingface.co/ckiplab/bert-base-chinese-pos/resolve/refs%2Fpr%2F1/model.safetensors.index.json "HTTP/1.1 404 Not Found"
2026-04-07 18:41:55,421 [INFO] HTTP Request: HEAD https://huggingface.co/ckiplab/bert-base-chinese-ner/resolve/main/model.safetensors "HTTP/1.1 404 Not Found"
2026-04-07 18:41:55,622 [INFO] HTTP Request: HEAD https://huggingface.co/ckiplab/bert-base-chinese-pos/resolve/refs%2Fpr%2F1/model.safetensors "HTTP/1.1 302 Found"
2026-04-07 18:41:55,631 [INFO] HTTP Request: GET https://huggingface.co/api/models/ckiplab/bert-base-chinese-ner "HTTP/1.1 200 OK"
2026-04-07 18:41:55,813 [INFO] HTTP Request: HEAD https://huggingface.co/ckiplab/bert-base-chinese-ner/resolve/main/tokenizer_config.json "HTTP/1.1 307 Temporary Redirect"
2026-04-07 18:41:55,830 [INFO] HTTP Request: HEAD https://huggingface.co/api/resolve-cache/models/ckiplab/bert-base-chinese-ner/50c5afc0a0131e8ab93f54d9ebf9575af04c22d5/tokenizer_config.json "HTTP/1.1 200 OK"
2026-04-07 18:41:55,854 [INFO] HTTP Request: GET https://huggingface.co/api/models/ckiplab/bert-base-chinese-ner/commits/main "HTTP/1.1 200 OK"
2026-04-07 18:41:56,120 [INFO] HTTP Request: GET https://huggingface.co/api/models/ckiplab/bert-base-chinese-ner/tree/main/additional_chat_templates?recursive=false&expand=false "HTTP/1.1 404 Not Found"
2026-04-07 18:41:56,121 [INFO] HTTP Request: GET https://huggingface.co/api/models/ckiplab/bert-base-chinese-ner/discussions?p=0 "HTTP/1.1 200 OK"
2026-04-07 18:41:56,428 [INFO] HTTP Request: GET https://huggingface.co/api/models/ckiplab/bert-base-chinese-ner/tree/main?recursive=true&expand=false "HTTP/1.1 200 OK"
2026-04-07 18:41:56,428 [INFO] HTTP Request: GET https://huggingface.co/api/models/ckiplab/bert-base-chinese-ner/commits/refs%2Fpr%2F5 "HTTP/1.1 200 OK"
2026-04-07 18:41:56,469 [INFO] CKIP pipeline ready (device=CUDA:0)
2026-04-07 18:41:56,777 [INFO] HTTP Request: HEAD https://huggingface.co/ckiplab/bert-base-chinese-ner/resolve/refs%2Fpr%2F5/model.safetensors.index.json "HTTP/1.1 404 Not Found"
2026-04-07 18:41:57,042 [INFO] HTTP Request: HEAD https://huggingface.co/ckiplab/bert-base-chinese-ner/resolve/refs%2Fpr%2F5/model.safetensors "HTTP/1.1 302 Found"
2026-04-07 18:41:58,750 [INFO] 📝 找到 682,136 篇需要 NLP 處理的文章
2026-04-07 18:41:58,750 [INFO] ⏱️  預估時間: 28.3小時
2026-04-07 18:44:02,054 [INFO] [RAM CKIP 處理中 (512/682,136)] Used: 2.83 GB | Available: 48.74 GB | Budget: 9.60 GB
2026-04-07 18:44:02,054 [INFO]   📊 進度: 512/682,136 (0.1%) | 速度: 4.2 篇/秒 | 預計剩餘: 45.6小時 | 已耗時: 2.1分鐘
2026-04-07 18:45:19,314 [INFO]   📊 進度: 1,024/682,136 (0.2%) | 速度: 5.1 篇/秒 | 預計剩餘: 37.1小時 | 已耗時: 3.3分鐘
2026-04-07 18:46:30,387 [INFO]   📊 進度: 1,536/682,136 (0.2%) | 速度: 5.7 篇/秒 | 預計剩餘: 33.4小時 | 已耗時: 4.5分鐘
2026-04-07 18:48:20,657 [INFO]   📊 進度: 2,048/682,136 (0.3%) | 速度: 5.4 篇/秒 | 預計剩餘: 35.2小時 | 已耗時: 6.4分鐘
2026-04-07 18:49:59,455 [INFO]   📊 進度: 2,560/682,136 (0.4%) | 速度: 5.3 篇/秒 | 預計剩餘: 35.4小時 | 已耗時: 8.0分鐘
2026-04-07 18:51:34,975 [INFO]   📊 進度: 3,072/682,136 (0.5%) | 速度: 5.3 篇/秒 | 預計剩餘: 35.4小時 | 已耗時: 9.6分鐘
2026-04-07 18:52:44,473 [INFO]   📊 進度: 3,584/682,136 (0.5%) | 速度: 5.6 篇/秒 | 預計剩餘: 34.0小時 | 已耗時: 10.8分鐘
2026-04-07 18:54:01,735 [INFO]   📊 進度: 4,096/682,136 (0.6%) | 速度: 5.7 篇/秒 | 預計剩餘: 33.2小時 | 已耗時: 12.0分鐘
2026-04-07 18:55:26,725 [INFO]   📊 進度: 4,608/682,136 (0.7%) | 速度: 5.7 篇/秒 | 預計剩餘: 33.0小時 | 已耗時: 13.5分鐘
2026-04-07 18:56:39,962 [INFO]   📊 進度: 5,120/682,136 (0.8%) | 速度: 5.8 篇/秒 | 預計剩餘: 32.4小時 | 已耗時: 14.7分鐘
2026-04-07 18:58:01,160 [INFO]   📊 進度: 5,632/682,136 (0.8%) | 速度: 5.9 篇/秒 | 預計剩餘: 32.1小時 | 已耗時: 16.0分鐘
2026-04-07 18:59:52,204 [INFO]   📊 進度: 6,144/682,136 (0.9%) | 速度: 5.7 篇/秒 | 預計剩餘: 32.8小時 | 已耗時: 17.9分鐘
2026-04-07 19:01:03,443 [INFO]   📊 進度: 6,656/682,136 (1.0%) | 速度: 5.8 篇/秒 | 預計剩餘: 32.3小時 | 已耗時: 19.1分鐘
2026-04-07 19:02:27,578 [INFO]   📊 進度: 7,168/682,136 (1.1%) | 速度: 5.8 篇/秒 | 預計剩餘: 32.1小時 | 已耗時: 20.5分鐘
2026-04-07 19:03:43,880 [INFO]   📊 進度: 7,680/682,136 (1.1%) | 速度: 5.9 篇/秒 | 預計剩餘: 31.8小時 | 已耗時: 21.8分鐘
2026-04-07 19:05:09,973 [INFO]   📊 進度: 8,192/682,136 (1.2%) | 速度: 5.9 篇/秒 | 預計剩餘: 31.8小時 | 已耗時: 23.2分鐘
2026-04-07 19:06:36,676 [INFO]   📊 進度: 8,704/682,136 (1.3%) | 速度: 5.9 篇/秒 | 預計剩餘: 31.8小時 | 已耗時: 24.6分鐘
2026-04-07 19:07:29,676 [INFO]   📊 進度: 9,216/682,136 (1.4%) | 速度: 6.0 篇/秒 | 預計剩餘: 31.1小時 | 已耗時: 25.5分鐘
2026-04-07 19:09:35,648 [INFO]   📊 進度: 9,728/682,136 (1.4%) | 速度: 5.9 篇/秒 | 預計剩餘: 31.8小時 | 已耗時: 27.6分鐘
2026-04-07 19:11:30,580 [INFO]   📊 進度: 10,240/682,136 (1.5%) | 速度: 5.8 篇/秒 | 預計剩餘: 32.3小時 | 已耗時: 29.5分鐘
2026-04-07 19:12:52,164 [INFO] [RAM CKIP 處理中 (10,752/682,136)] Used: 0.73 GB | Available: 50.10 GB | Budget: 9.60 GB
2026-04-07 19:12:52,164 [INFO]   📊 進度: 10,752/682,136 (1.6%) | 速度: 5.8 篇/秒 | 預計剩餘: 32.1小時 | 已耗時: 30.9分鐘
2026-04-07 19:14:13,392 [INFO]   📊 進度: 11,264/682,136 (1.7%) | 速度: 5.8 篇/秒 | 預計剩餘: 32.0小時 | 已耗時: 32.2分鐘
2026-04-07 19:15:44,461 [INFO]   📊 進度: 11,776/682,136 (1.7%) | 速度: 5.8 篇/秒 | 預計剩餘: 32.0小時 | 已耗時: 33.8分鐘
2026-04-07 19:16:58,631 [INFO]   📊 進度: 12,288/682,136 (1.8%) | 速度: 5.9 篇/秒 | 預計剩餘: 31.8小時 | 已耗時: 35.0分鐘
2026-04-07 19:18:51,964 [INFO]   📊 進度: 12,800/682,136 (1.9%) | 速度: 5.8 篇/秒 | 預計剩餘: 32.1小時 | 已耗時: 36.9分鐘
2026-04-07 19:19:59,374 [INFO]   📊 進度: 13,312/682,136 (2.0%) | 速度: 5.8 篇/秒 | 預計剩餘: 31.8小時 | 已耗時: 38.0分鐘
2026-04-07 19:21:07,924 [INFO]   📊 進度: 13,824/682,136 (2.0%) | 速度: 5.9 篇/秒 | 預計剩餘: 31.5小時 | 已耗時: 39.2分鐘
2026-04-07 19:22:17,142 [INFO]   📊 進度: 14,336/682,136 (2.1%) | 速度: 5.9 篇/秒 | 預計剩餘: 31.3小時 | 已耗時: 40.3分鐘
2026-04-07 19:24:13,075 [INFO]   📊 進度: 14,848/682,136 (2.2%) | 速度: 5.9 篇/秒 | 預計剩餘: 31.6小時 | 已耗時: 42.2分鐘
2026-04-07 19:25:33,030 [INFO]   📊 進度: 15,360/682,136 (2.3%) | 速度: 5.9 篇/秒 | 預計剩餘: 31.5小時 | 已耗時: 43.6分鐘
2026-04-07 19:27:12,320 [INFO]   📊 進度: 15,872/682,136 (2.3%) | 速度: 5.8 篇/秒 | 預計剩餘: 31.6小時 | 已耗時: 45.2分鐘
2026-04-07 19:28:36,240 [INFO]   📊 進度: 16,384/682,136 (2.4%) | 速度: 5.9 篇/秒 | 預計剩餘: 31.6小時 | 已耗時: 46.6分鐘
2026-04-07 19:29:58,557 [INFO]   📊 進度: 16,896/682,136 (2.5%) | 速度: 5.9 篇/秒 | 預計剩餘: 31.5小時 | 已耗時: 48.0分鐘
2026-04-07 19:31:57,945 [INFO]   📊 進度: 17,408/682,136 (2.6%) | 速度: 5.8 篇/秒 | 預計剩餘: 31.8小時 | 已耗時: 50.0分鐘
2026-04-07 19:34:00,525 [INFO]   📊 進度: 17,920/682,136 (2.6%) | 速度: 5.7 篇/秒 | 預計剩餘: 32.1小時 | 已耗時: 52.0分鐘
2026-04-07 19:35:59,595 [INFO]   📊 進度: 18,432/682,136 (2.7%) | 速度: 5.7 篇/秒 | 預計剩餘: 32.4小時 | 已耗時: 54.0分鐘
2026-04-07 19:36:57,135 [INFO]   📊 進度: 18,944/682,136 (2.8%) | 速度: 5.7 篇/秒 | 預計剩餘: 32.1小時 | 已耗時: 55.0分鐘
2026-04-07 19:38:12,406 [INFO]   📊 進度: 19,456/682,136 (2.9%) | 速度: 5.8 篇/秒 | 預計剩餘: 31.9小時 | 已耗時: 56.2分鐘
2026-04-07 19:39:22,721 [INFO]   📊 進度: 19,968/682,136 (2.9%) | 速度: 5.8 篇/秒 | 預計剩餘: 31.7小時 | 已耗時: 57.4分鐘
2026-04-07 19:40:32,420 [INFO]   📊 進度: 20,480/682,136 (3.0%) | 速度: 5.8 篇/秒 | 預計剩餘: 31.5小時 | 已耗時: 58.6分鐘
2026-04-07 19:42:06,402 [INFO] [RAM CKIP 處理中 (20,992/682,136)] Used: 2.72 GB | Available: 48.22 GB | Budget: 9.60 GB
2026-04-07 19:42:06,402 [INFO]   📊 進度: 20,992/682,136 (3.1%) | 速度: 5.8 篇/秒 | 預計剩餘: 31.6小時 | 已耗時: 1.0小時
2026-04-07 19:43:19,751 [INFO]   📊 進度: 21,504/682,136 (3.2%) | 速度: 5.8 篇/秒 | 預計剩餘: 31.4小時 | 已耗時: 1.0小時
2026-04-07 19:44:32,930 [INFO]   📊 進度: 22,016/682,136 (3.2%) | 速度: 5.9 篇/秒 | 預計剩餘: 31.3小時 | 已耗時: 1.0小時
2026-04-07 19:45:57,923 [INFO]   📊 進度: 22,528/682,136 (3.3%) | 速度: 5.9 篇/秒 | 預計剩餘: 31.2小時 | 已耗時: 1.1小時
2026-04-07 19:46:42,341 [INFO]   📊 進度: 23,040/682,136 (3.4%) | 速度: 5.9 篇/秒 | 預計剩餘: 30.9小時 | 已耗時: 1.1小時
2026-04-07 19:48:41,723 [INFO]   📊 進度: 23,552/682,136 (3.5%) | 速度: 5.9 篇/秒 | 預計剩餘: 31.1小時 | 已耗時: 1.1小時
2026-04-07 19:50:29,569 [INFO]   📊 進度: 24,064/682,136 (3.5%) | 速度: 5.9 篇/秒 | 預計剩餘: 31.2小時 | 已耗時: 1.1小時
2026-04-07 19:52:16,111 [INFO]   📊 進度: 24,576/682,136 (3.6%) | 速度: 5.8 篇/秒 | 預計剩餘: 31.3小時 | 已耗時: 1.2小時
2026-04-07 19:53:17,775 [INFO]   📊 進度: 25,088/682,136 (3.7%) | 速度: 5.9 篇/秒 | 預計剩餘: 31.1小時 | 已耗時: 1.2小時
2026-04-07 19:55:07,120 [INFO]   📊 進度: 25,600/682,136 (3.8%) | 速度: 5.8 篇/秒 | 預計剩餘: 31.3小時 | 已耗時: 1.2小時
2026-04-07 19:56:51,967 [INFO]   📊 進度: 26,112/682,136 (3.8%) | 速度: 5.8 篇/秒 | 預計剩餘: 31.4小時 | 已耗時: 1.2小時
2026-04-07 19:58:36,811 [INFO]   📊 進度: 26,624/682,136 (3.9%) | 速度: 5.8 篇/秒 | 預計剩餘: 31.4小時 | 已耗時: 1.3小時
2026-04-07 20:00:17,163 [INFO]   📊 進度: 27,136/682,136 (4.0%) | 速度: 5.8 篇/秒 | 預計剩餘: 31.5小時 | 已耗時: 1.3小時
2026-04-07 20:01:19,215 [INFO]   📊 進度: 27,648/682,136 (4.1%) | 速度: 5.8 篇/秒 | 預計剩餘: 31.3小時 | 已耗時: 1.3小時
2026-04-07 20:02:56,308 [INFO]   📊 進度: 28,160/682,136 (4.1%) | 速度: 5.8 篇/秒 | 預計剩餘: 31.3小時 | 已耗時: 1.3小時
2026-04-07 20:04:40,135 [INFO]   📊 進度: 28,672/682,136 (4.2%) | 速度: 5.8 篇/秒 | 預計剩餘: 31.4小時 | 已耗時: 1.4小時
2026-04-07 20:06:32,231 [INFO]   📊 進度: 29,184/682,136 (4.3%) | 速度: 5.8 篇/秒 | 預計剩餘: 31.5小時 | 已耗時: 1.4小時
2026-04-07 20:08:26,119 [INFO]   📊 進度: 29,696/682,136 (4.4%) | 速度: 5.7 篇/秒 | 預計剩餘: 31.7小時 | 已耗時: 1.4小時
2026-04-07 20:10:15,241 [INFO]   📊 進度: 30,208/682,136 (4.4%) | 速度: 5.7 篇/秒 | 預計剩餘: 31.8小時 | 已耗時: 1.5小時
2026-04-07 20:12:05,379 [INFO]   📊 進度: 30,720/682,136 (4.5%) | 速度: 5.7 篇/秒 | 預計剩餘: 31.8小時 | 已耗時: 1.5小時
2026-04-07 20:14:00,390 [INFO] [RAM CKIP 處理中 (31,232/682,136)] Used: 2.89 GB | Available: 45.77 GB | Budget: 9.60 GB
2026-04-07 20:14:00,390 [INFO]   📊 進度: 31,232/682,136 (4.6%) | 速度: 5.7 篇/秒 | 預計剩餘: 32.0小時 | 已耗時: 1.5小時
2026-04-07 20:14:51,514 [INFO]   📊 進度: 31,744/682,136 (4.7%) | 速度: 5.7 篇/秒 | 預計剩餘: 31.7小時 | 已耗時: 1.5小時
2026-04-07 20:16:42,810 [INFO]   📊 進度: 32,256/682,136 (4.7%) | 速度: 5.7 篇/秒 | 預計剩餘: 31.8小時 | 已耗時: 1.6小時
2026-04-07 20:18:39,580 [INFO]   📊 進度: 32,768/682,136 (4.8%) | 速度: 5.6 篇/秒 | 預計剩餘: 31.9小時 | 已耗時: 1.6小時
2026-04-07 20:20:24,221 [INFO]   📊 進度: 33,280/682,136 (4.9%) | 速度: 5.6 篇/秒 | 預計剩餘: 32.0小時 | 已耗時: 1.6小時
2026-04-07 20:22:23,454 [INFO]   📊 進度: 33,792/682,136 (5.0%) | 速度: 5.6 篇/秒 | 預計剩餘: 32.1小時 | 已耗時: 1.7小時
2026-04-07 20:24:12,580 [INFO]   📊 進度: 34,304/682,136 (5.0%) | 速度: 5.6 篇/秒 | 預計剩餘: 32.2小時 | 已耗時: 1.7小時
2026-04-07 20:26:02,598 [INFO]   📊 進度: 34,816/682,136 (5.1%) | 速度: 5.6 篇/秒 | 預計剩餘: 32.2小時 | 已耗時: 1.7小時
2026-04-07 20:27:56,982 [INFO]   📊 進度: 35,328/682,136 (5.2%) | 速度: 5.6 篇/秒 | 預計剩餘: 32.3小時 | 已耗時: 1.8小時
2026-04-07 20:29:41,910 [INFO]   📊 進度: 35,840/682,136 (5.3%) | 速度: 5.5 篇/秒 | 預計剩餘: 32.4小時 | 已耗時: 1.8小時
2026-04-07 20:30:38,078 [INFO]   📊 進度: 36,352/682,136 (5.3%) | 速度: 5.6 篇/秒 | 預計剩餘: 32.2小時 | 已耗時: 1.8小時
2026-04-07 20:32:25,381 [INFO]   📊 進度: 36,864/682,136 (5.4%) | 速度: 5.6 篇/秒 | 預計剩餘: 32.2小時 | 已耗時: 1.8小時
2026-04-07 20:34:17,110 [INFO]   📊 進度: 37,376/682,136 (5.5%) | 速度: 5.5 篇/秒 | 預計剩餘: 32.3小時 | 已耗時: 1.9小時
2026-04-07 20:36:06,145 [INFO]   📊 進度: 37,888/682,136 (5.6%) | 速度: 5.5 篇/秒 | 預計剩餘: 32.3小時 | 已耗時: 1.9小時
2026-04-07 20:37:00,064 [INFO]   📊 進度: 38,400/682,136 (5.6%) | 速度: 5.6 篇/秒 | 預計剩餘: 32.1小時 | 已耗時: 1.9小時
2026-04-07 20:38:50,653 [INFO]   📊 進度: 38,912/682,136 (5.7%) | 速度: 5.5 篇/秒 | 預計剩餘: 32.2小時 | 已耗時: 1.9小時
2026-04-07 20:40:39,346 [INFO]   📊 進度: 39,424/682,136 (5.8%) | 速度: 5.5 篇/秒 | 預計剩餘: 32.2小時 | 已耗時: 2.0小時
2026-04-07 20:42:22,995 [INFO]   📊 進度: 39,936/682,136 (5.9%) | 速度: 5.5 篇/秒 | 預計剩餘: 32.3小時 | 已耗時: 2.0小時
2026-04-07 20:44:08,736 [INFO]   📊 進度: 40,448/682,136 (5.9%) | 速度: 5.5 篇/秒 | 預計剩餘: 32.3小時 | 已耗時: 2.0小時
2026-04-07 20:45:55,493 [INFO]   📊 進度: 40,960/682,136 (6.0%) | 速度: 5.5 篇/秒 | 預計剩餘: 32.3小時 | 已耗時: 2.1小時
2026-04-07 20:47:45,514 [INFO] [RAM CKIP 處理中 (41,472/682,136)] Used: 2.93 GB | Available: 49.42 GB | Budget: 9.60 GB
2026-04-07 20:47:45,514 [INFO]   📊 進度: 41,472/682,136 (6.1%) | 速度: 5.5 篇/秒 | 預計剩餘: 32.4小時 | 已耗時: 2.1小時
2026-04-07 20:48:54,476 [INFO]   📊 進度: 41,984/682,136 (6.2%) | 速度: 5.5 篇/秒 | 預計剩餘: 32.3小時 | 已耗時: 2.1小時
2026-04-07 20:50:43,451 [INFO]   📊 進度: 42,496/682,136 (6.2%) | 速度: 5.5 篇/秒 | 預計剩餘: 32.3小時 | 已耗時: 2.1小時
2026-04-07 20:51:35,641 [INFO]   📊 進度: 43,008/682,136 (6.3%) | 速度: 5.5 篇/秒 | 預計剩餘: 32.1小時 | 已耗時: 2.2小時
2026-04-07 20:53:26,903 [INFO]   📊 進度: 43,520/682,136 (6.4%) | 速度: 5.5 篇/秒 | 預計剩餘: 32.2小時 | 已耗時: 2.2小時
2026-04-07 20:55:15,901 [INFO]   📊 進度: 44,032/682,136 (6.5%) | 速度: 5.5 篇/秒 | 預計剩餘: 32.2小時 | 已耗時: 2.2小時
2026-04-07 20:57:03,717 [INFO]   📊 進度: 44,544/682,136 (6.5%) | 速度: 5.5 篇/秒 | 預計剩餘: 32.2小時 | 已耗時: 2.3小時
2026-04-07 20:58:50,673 [INFO]   📊 進度: 45,056/682,136 (6.6%) | 速度: 5.5 篇/秒 | 預計剩餘: 32.3小時 | 已耗時: 2.3小時
2026-04-07 21:00:37,049 [INFO]   📊 進度: 45,568/682,136 (6.7%) | 速度: 5.5 篇/秒 | 預計剩餘: 32.3小時 | 已耗時: 2.3小時
2026-04-07 21:02:20,397 [INFO]   📊 進度: 46,080/682,136 (6.8%) | 速度: 5.5 篇/秒 | 預計剩餘: 32.3小時 | 已耗時: 2.3小時
2026-04-07 21:03:00,205 [INFO]   📊 進度: 46,592/682,136 (6.8%) | 速度: 5.5 篇/秒 | 預計剩餘: 32.1小時 | 已耗時: 2.4小時
2026-04-07 21:04:42,648 [INFO]   📊 進度: 47,104/682,136 (6.9%) | 速度: 5.5 篇/秒 | 預計剩餘: 32.1小時 | 已耗時: 2.4小時
2026-04-07 21:06:26,696 [INFO]   📊 進度: 47,616/682,136 (7.0%) | 速度: 5.5 篇/秒 | 預計剩餘: 32.1小時 | 已耗時: 2.4小時
2026-04-07 21:07:13,542 [INFO]   📊 進度: 48,128/682,136 (7.1%) | 速度: 5.5 篇/秒 | 預計剩餘: 31.9小時 | 已耗時: 2.4小時
2026-04-07 21:09:01,775 [INFO]   📊 進度: 48,640/682,136 (7.1%) | 速度: 5.5 篇/秒 | 預計剩餘: 31.9小時 | 已耗時: 2.5小時
2026-04-07 21:10:45,938 [INFO]   📊 進度: 49,152/682,136 (7.2%) | 速度: 5.5 篇/秒 | 預計剩餘: 31.9小時 | 已耗時: 2.5小時
2026-04-07 21:12:29,605 [INFO]   📊 進度: 49,664/682,136 (7.3%) | 速度: 5.5 篇/秒 | 預計剩餘: 31.9小時 | 已耗時: 2.5小時
2026-04-07 21:14:13,104 [INFO]   📊 進度: 50,176/682,136 (7.4%) | 速度: 5.5 篇/秒 | 預計剩餘: 32.0小時 | 已耗時: 2.5小時
2026-04-07 21:15:48,568 [INFO]   📊 進度: 50,688/682,136 (7.4%) | 速度: 5.5 篇/秒 | 預計剩餘: 31.9小時 | 已耗時: 2.6小時
2026-04-07 21:17:39,716 [INFO]   📊 進度: 51,200/682,136 (7.5%) | 速度: 5.5 篇/秒 | 預計剩餘: 32.0小時 | 已耗時: 2.6小時
2026-04-07 21:19:24,586 [INFO] [RAM CKIP 處理中 (51,712/682,136)] Used: 2.94 GB | Available: 49.12 GB | Budget: 9.60 GB
2026-04-07 21:19:24,586 [INFO]   📊 進度: 51,712/682,136 (7.6%) | 速度: 5.5 篇/秒 | 預計剩餘: 32.0小時 | 已耗時: 2.6小時
2026-04-07 21:21:09,069 [INFO]   📊 進度: 52,224/682,136 (7.7%) | 速度: 5.5 篇/秒 | 預計剩餘: 32.0小時 | 已耗時: 2.7小時
2026-04-07 21:22:00,054 [INFO]   📊 進度: 52,736/682,136 (7.7%) | 速度: 5.5 篇/秒 | 預計剩餘: 31.8小時 | 已耗時: 2.7小時
2026-04-07 21:23:47,933 [INFO]   📊 進度: 53,248/682,136 (7.8%) | 速度: 5.5 篇/秒 | 預計剩餘: 31.9小時 | 已耗時: 2.7小時
2026-04-07 21:25:31,886 [INFO]   📊 進度: 53,760/682,136 (7.9%) | 速度: 5.5 篇/秒 | 預計剩餘: 31.9小時 | 已耗時: 2.7小時
2026-04-07 21:27:19,807 [INFO]   📊 進度: 54,272/682,136 (8.0%) | 速度: 5.5 篇/秒 | 預計剩餘: 31.9小時 | 已耗時: 2.8小時
2026-04-07 21:29:07,639 [INFO]   📊 進度: 54,784/682,136 (8.0%) | 速度: 5.5 篇/秒 | 預計剩餘: 31.9小時 | 已耗時: 2.8小時
2026-04-07 21:30:51,133 [INFO]   📊 進度: 55,296/682,136 (8.1%) | 速度: 5.5 篇/秒 | 預計剩餘: 31.9小時 | 已耗時: 2.8小時
2026-04-07 21:31:37,804 [INFO]   📊 進度: 55,808/682,136 (8.2%) | 速度: 5.5 篇/秒 | 預計剩餘: 31.7小時 | 已耗時: 2.8小時
2026-04-07 21:33:26,302 [INFO]   📊 進度: 56,320/682,136 (8.3%) | 速度: 5.5 篇/秒 | 預計剩餘: 31.8小時 | 已耗時: 2.9小時
2026-04-07 21:35:19,132 [INFO]   📊 進度: 56,832/682,136 (8.3%) | 速度: 5.5 篇/秒 | 預計剩餘: 31.8小時 | 已耗時: 2.9小時
2026-04-07 21:37:29,871 [INFO]   📊 進度: 57,344/682,136 (8.4%) | 速度: 5.4 篇/秒 | 預計剩餘: 31.9小時 | 已耗時: 2.9小時
2026-04-07 21:39:34,102 [INFO]   📊 進度: 57,856/682,136 (8.5%) | 速度: 5.4 篇/秒 | 預計剩餘: 31.9小時 | 已耗時: 3.0小時
2026-04-07 21:40:24,759 [INFO]   📊 進度: 58,368/682,136 (8.6%) | 速度: 5.5 篇/秒 | 預計剩餘: 31.8小時 | 已耗時: 3.0小時
2026-04-07 21:42:10,784 [INFO]   📊 進度: 58,880/682,136 (8.6%) | 速度: 5.4 篇/秒 | 預計剩餘: 31.8小時 | 已耗時: 3.0小時
2026-04-07 21:43:03,881 [INFO]   📊 進度: 59,392/682,136 (8.7%) | 速度: 5.5 篇/秒 | 預計剩餘: 31.6小時 | 已耗時: 3.0小時
2026-04-07 21:44:52,297 [INFO]   📊 進度: 59,904/682,136 (8.8%) | 速度: 5.5 篇/秒 | 預計剩餘: 31.7小時 | 已耗時: 3.0小時
2026-04-07 21:46:36,289 [INFO]   📊 進度: 60,416/682,136 (8.9%) | 速度: 5.5 篇/秒 | 預計剩餘: 31.7小時 | 已耗時: 3.1小時
2026-04-07 21:48:21,340 [INFO]   📊 進度: 60,928/682,136 (8.9%) | 速度: 5.4 篇/秒 | 預計剩餘: 31.7小時 | 已耗時: 3.1小時
2026-04-07 21:50:08,892 [INFO]   📊 進度: 61,440/682,136 (9.0%) | 速度: 5.4 篇/秒 | 預計剩餘: 31.7小時 | 已耗時: 3.1小時
2026-04-07 21:51:13,612 [INFO] [RAM CKIP 處理中 (61,952/682,136)] Used: 2.97 GB | Available: 48.39 GB | Budget: 9.60 GB
2026-04-07 21:51:13,612 [INFO]   📊 進度: 61,952/682,136 (9.1%) | 速度: 5.5 篇/秒 | 預計剩餘: 31.6小時 | 已耗時: 3.2小時
2026-04-07 21:52:59,967 [INFO]   📊 進度: 62,464/682,136 (9.2%) | 速度: 5.5 篇/秒 | 預計剩餘: 31.6小時 | 已耗時: 3.2小時
2026-04-07 21:53:59,922 [INFO]   📊 進度: 62,976/682,136 (9.2%) | 速度: 5.5 篇/秒 | 預計剩餘: 31.5小時 | 已耗時: 3.2小時
